// Jest Snapshot v1, https://goo.gl/fbAQLP

exports[`mac-titlebar renders correctly 1`] = `
<div
  className="MacTitlebar"
/>
`;
