// Jest Snapshot v1, https://goo.gl/fbAQLP

exports[`scrubber renders correctly 1`] = `
<div
  className="Scrubber"
  onMouseDown={[Function]}
/>
`;
